yarn run v1.22.22
$ C:\Users\mudassar\Documents\onwynd\onwynd-dashboard\node_modules\.bin\tsc --noEmit
app/(admin)/admin/approvals/subscription-upgrades/page.tsx(48,25): error TS2339: Property 'data' does not exist on type '{}'.
app/(admin)/admin/approvals/subscription-upgrades/page.tsx(66,22): error TS2339: Property 'data' does not exist on type '{}'.
app/(admin)/admin/notifications/page.tsx(104,66): error TS2322: Type 'string | null' is not assignable to type 'string'.
  Type 'null' is not assignable to type 'string'.
app/(admin)/admin/notifications/page.tsx(122,66): error TS2322: Type 'string | null' is not assignable to type 'string'.
  Type 'null' is not assignable to type 'string'.
app/(admin)/admin/quota-abuse/page.tsx(164,25): error TS2322: Type '{}' is not assignable to type 'ReactNode'.
app/(admin)/admin/sessions/[uuid]/review/page.tsx(107,22): error TS2322: Type '"secondary" | "success"' is not assignable to type '"secondary" | "destructive" | "default" | "link" | "outline" | "ghost" | "premium" | null | undefined'.
  Type '"success"' is not assignable to type '"secondary" | "destructive" | "default" | "link" | "outline" | "ghost" | "premium" | null | undefined'.
app/(admin)/admin/sessions/[uuid]/review/page.tsx(159,95): error TS2322: Type 'string | null' is not assignable to type 'string'.
  Type 'null' is not assignable to type 'string'.
app/(admin)/admin/settings/support/page.tsx(39,45): error TS2339: Property 'getSettings' does not exist on type '{ getStats(): Promise<unknown>; getRevenueFlow(period?: string): Promise<unknown>; getLeadSources(period?: string): Promise<unknown>; getRecentDeals(): Promise<unknown>; ... 129 more ...; resolveDispute(id: string | number, data: { ...; }): Promise<...>; }'.
app/(admin)/admin/settings/support/page.tsx(58,26): error TS2339: Property 'updateSettings' does not exist on type '{ getStats(): Promise<unknown>; getRevenueFlow(period?: string): Promise<unknown>; getLeadSources(period?: string): Promise<unknown>; getRecentDeals(): Promise<unknown>; ... 129 more ...; resolveDispute(id: string | number, data: { ...; }): Promise<...>; }'.
app/(admin)/admin/settings/support/page.tsx(94,17): error TS2322: Type '{ children: Element[]; onValueChange: (...event: any[]) => void; defaultValue: "ai_internal" | "chatwoot" | "intercom"; className: string; }' is not assignable to type 'IntrinsicAttributes & RadioGroupProps'.
  Property 'defaultValue' does not exist on type 'IntrinsicAttributes & RadioGroupProps'.
app/(admin)/admin/student-subscriptions/page.tsx(270,39): error TS2339: Property 'data' does not exist on type '{}'.
app/(admin)/admin/student-subscriptions/page.tsx(270,51): error TS2339: Property 'data' does not exist on type '{}'.
app/(admin)/admin/student-subscriptions/page.tsx(316,40): error TS2322: Type 'Dispatch<SetStateAction<string>>' is not assignable to type '(value: string | null, eventDetails: SelectRootChangeEventDetails) => void'.
  Types of parameters 'value' and 'value' are incompatible.
    Type 'string | null' is not assignable to type 'SetStateAction<string>'.
      Type 'null' is not assignable to type 'SetStateAction<string>'.
app/(admin)/coo/operational-log/page.tsx(207,76): error TS2322: Type 'string | null' is not assignable to type 'string'.
  Type 'null' is not assignable to type 'string'.
app/(admin)/coo/operational-log/page.tsx(248,74): error TS2322: Type 'string | null' is not assignable to type 'string'.
  Type 'null' is not assignable to type 'string'.
app/(patient)/therapists/page.tsx(625,42): error TS2322: Type 'Dispatch<SetStateAction<string>>' is not assignable to type '(value: string | null, eventDetails: SelectRootChangeEventDetails) => void'.
  Types of parameters 'value' and 'value' are incompatible.
    Type 'string | null' is not assignable to type 'SetStateAction<string>'.
      Type 'null' is not assignable to type 'SetStateAction<string>'.
app/(sales)/sales/closer/page.tsx(356,31): error TS2322: Type 'Dispatch<SetStateAction<string>>' is not assignable to type '(value: string | null, eventDetails: SelectRootChangeEventDetails) => void'.
  Types of parameters 'value' and 'value' are incompatible.
    Type 'string | null' is not assignable to type 'SetStateAction<string>'.
      Type 'null' is not assignable to type 'SetStateAction<string>'.
app/(therapist)/therapist/earnings/page.tsx(314,22): error TS2339: Property 'getPayouts' does not exist on type '{ getDashboard(): Promise<unknown>; getStats(): Promise<unknown>; getFinancialFlow(period?: string): Promise<unknown>; getPatients(params?: unknown): Promise<unknown>; createPatient(data: unknown): Promise<...>; ... 23 more ...; requestPayout(amount: number): Promise<...>; }'.
app/(therapist)/therapist/earnings/page.tsx(474,37): error TS2322: Type '{ data: Payment[]; }' is not assignable to type 'IntrinsicAttributes'.
  Property 'data' does not exist on type 'IntrinsicAttributes'.
components/admin-dashboard/ip-protection-logs.tsx(4,10): error TS2614: Module '"@/lib/api/client"' has no exported member 'apiClient'. Did you mean to use 'import apiClient from "@/lib/api/client"' instead?
components/admin-dashboard/ip-protection-logs.tsx(37,13): error TS7006: Parameter 'res' implicitly has an 'any' type.
components/admin-dashboard/settings/ip-protection-settings.tsx(4,10): error TS2614: Module '"@/lib/api/client"' has no exported member 'apiClient'. Did you mean to use 'import apiClient from "@/lib/api/client"' instead?
components/admin-dashboard/settings/ip-protection-settings.tsx(37,49): error TS7006: Parameter 'res' implicitly has an 'any' type.
components/institutional-dashboard/sidebar.tsx(84,51): error TS2339: Property 'getStudentVerifications' does not exist on type '{ getEngagement(period?: "30d" | "7d" | "90d"): Promise<unknown>; getStats(): Promise<{ id: string; title: string; value: string; icon: string; }[]>; getMetrics(): Promise<{ total_users: any; ... 7 more ...; estimated_roi: null; }>; ... 18 more ...; getQuotaUsage(): Promise<...>; }'.
components/manager-dashboard/employees-table.tsx(158,41): error TS2339: Property 'data' does not exist on type '{}'.
components/manager-dashboard/employees-table.tsx(158,53): error TS2339: Property 'data' does not exist on type '{}'.
components/manager-dashboard/employees-table.tsx(529,44): error TS2322: Type 'Dispatch<SetStateAction<string>>' is not assignable to type '(value: string | null, eventDetails: SelectRootChangeEventDetails) => void'.
  Types of parameters 'value' and 'value' are incompatible.
    Type 'string | null' is not assignable to type 'SetStateAction<string>'.
      Type 'null' is not assignable to type 'SetStateAction<string>'.
components/product-manager/plans/plan-form.tsx(78,18): error TS2345: Argument of type '{ name: string; slug: string; description: string; price: number | undefined; currency: string; billing_interval: "monthly" | "yearly" | "quarterly" | "one_time"; features: string | Record<...>; is_active: boolean; max_sessions: number; trial_days: number; }' is not assignable to parameter of type '{ name: string; slug: string; price: unknown; billing_interval: "monthly" | "yearly" | "quarterly" | "one_time"; features: string; description?: string | undefined; currency?: string | undefined; is_active?: boolean | undefined; max_sessions?: unknown; trial_days?: unknown; } | { ...; } | ResetAction<...> | undefined'.
  Types of property 'features' are incompatible.
    Type 'string | Record<string, unknown>' is not assignable to type 'string | undefined'.
      Type 'Record<string, unknown>' is not assignable to type 'string'.
node.exe : error Command failed with exit code 1.
At C:\Users\mudassar\AppData\Roaming\npm\yarn.ps1:24 char:5
+     & "node$exe"  "$basedir/node_modules/yarn/bin/yarn.js" $args
+     ~~~~~~~~~~~~~~~~~~~~~~~~~~~~~~~~~~~~~~~~~~~~~~~~~~~~~~~~~~~~
    + CategoryInfo          : NotSpecified: (error Command failed wi    th 
exit code 1.:String) [], RemoteException
    + FullyQualifiedErrorId : NativeCommandError
 
info Visit https://yarnpkg.com/en/docs/cli/run for documentation about this command.
